src/components/hero/SparklingParticles.tsx(96,33): error TS2503: Cannot find namespace 'NodeJS'.
src/components/hero/SparklingParticles.tsx(200,10): error TS2741: Property 'args' is missing in type '{ attach: string; count: number; array: Float32Array<ArrayBuffer>; itemSize: number; }' but required in type 'Mutable<Overwrite<Partial<Overwrite<BufferAttribute, MathProps<BufferAttribute> & ReactProps<BufferAttribute>>>, Omit<...>>>'.
